// Jest Snapshot v1, https://goo.gl/fbAQLP

exports[`QuickFind Correctly  render  component could be updated and render without errors 1`] = `
<ThemeWrap>
  <Unknown />
</ThemeWrap>
`;

exports[`QuickFind 渲染  render() 1`] = `
<div
  class="div-root-18"
>
  <div
    class="div-root-19 makeStyles-root-16"
  >
    <div
      class="div-root-20"
    >
      <div
        class="div-root-24 div-root-25"
      >
        <div
          class="div-root-26 makeStyles-icon-22"
        >
          <svg
            aria-hidden="true"
            class="MuiSvgIcon-root"
            focusable="false"
            style="font-size: 24px;"
            viewBox="0 0 24 24"
          >
            <path
              d="M15.5 14h-.79l-.28-.27C15.41 12.59 16 11.11 16 9.5 16 5.91 13.09 3 9.5 3S3 5.91 3 9.5 5.91 16 9.5 16c1.61 0 3.09-.59 4.23-1.57l.27.28v.79l5 4.99L20.49 19l-4.99-5zm-6 0C7.01 14 5 11.99 5 9.5S7.01 5 9.5 5 14 7.01 14 9.5 11.99 14 9.5 14z"
            />
          </svg>
        </div>
        <input
          class="input-root-27 makeStyles-input-21"
          placeholder="Search 工作区..."
          value=""
        />
        <div
          class="div-root-28 makeStyles-cancelIcon-23"
        />
      </div>
    </div>
    <div
      class="div-root-29"
    />
    <div
      class="div-root-30"
    />
  </div>
</div>
`;

exports[`参数渲染 不传递参数 1`] = `
<ThemeWrap>
  <QuickFind
    isLoding={false}
    isNotFind={false}
    notFindText={null}
    onClickItem={[Function]}
    onSortRules={[Function]}
    placeholder="Search 工作区..."
    recentPagesData={null}
    recentSearchesData={null}
    searchResultsData={null}
  />
</ThemeWrap>
`;

exports[`参数渲染 参数 isLoding | placeholder 1`] = `
<div
  class="div-root-33"
>
  <div
    class="div-root-34 makeStyles-root-31"
  >
    <div
      class="div-root-35"
    >
      <div
        class="div-root-39 div-root-40"
      >
        <div
          class="div-root-41 makeStyles-icon-37"
        >
          <div
            class="MuiCircularProgress-root MuiCircularProgress-indeterminate"
            role="progressbar"
            style="width: 18px; height: 18px;"
          >
            <svg
              class="MuiCircularProgress-svg"
              viewBox="22 22 44 44"
            >
              <circle
                class="MuiCircularProgress-circle MuiCircularProgress-circleIndeterminate"
                cx="44"
                cy="44"
                fill="none"
                r="20.2"
                stroke-width="3.6"
              />
            </svg>
          </div>
        </div>
        <input
          class="input-root-42 makeStyles-input-36"
          placeholder="Search 工作区.."
          value=""
        />
        <div
          class="div-root-43 makeStyles-cancelIcon-38"
        />
      </div>
    </div>
    <div
      class="div-root-44 makeStyles-divider-32"
    />
    <div
      class="div-root-45"
    >
      <div>
        <div
          class="div-root-46"
        >
          <div
            class="div-root-49"
          >
            <div
              class="div-root-50 makeStyles-title-47"
            >
              最近页面
            </div>
          </div>
          <div
            class="div-root-53"
          >
            <li
              aria-disabled="false"
              class="MuiButtonBase-root MuiListItem-root MuiMenuItem-root WithStyles(ForwardRef(MenuItem))-root-54 MuiListItem-button"
              role="menuitem"
              tabindex="-1"
            >
              <div
                class="div-root-55"
              >
                <div
                  class="div-root-56"
                >
                  <div
                    class="div-root-57"
                  >
                     🍰 
                  </div>
                  <div
                    class="div-root-58 makeStyles-title-52"
                  >
                     蛋糕 
                  </div>
                </div>
                <svg
                  aria-hidden="true"
                  class="MuiSvgIcon-root"
                  focusable="false"
                  style="font-size: 16px;"
                  viewBox="0 0 24 24"
                >
                  <path
                    d="M19 7v4H5.83l3.58-3.59L8 6l-6 6 6 6 1.41-1.41L5.83 13H21V7z"
                  />
                </svg>
              </div>
              <span
                class="MuiTouchRipple-root"
              />
            </li>
          </div>
          <div
            class="div-root-53"
          >
            <li
              aria-disabled="false"
              class="MuiButtonBase-root MuiListItem-root MuiMenuItem-root WithStyles(ForwardRef(MenuItem))-root-54 MuiListItem-button"
              role="menuitem"
              tabindex="-1"
            >
              <div
                class="div-root-55"
              >
                <div
                  class="div-root-56"
                >
                  <div
                    class="div-root-57"
                  >
                     🍣  
                  </div>
                  <div
                    class="div-root-58 makeStyles-title-52"
                  >
                     基本信息 
                  </div>
                </div>
                <svg
                  aria-hidden="true"
                  class="MuiSvgIcon-root"
                  focusable="false"
                  style="font-size: 16px;"
                  viewBox="0 0 24 24"
                >
                  <path
                    d="M19 7v4H5.83l3.58-3.59L8 6l-6 6 6 6 1.41-1.41L5.83 13H21V7z"
                  />
                </svg>
              </div>
              <span
                class="MuiTouchRipple-root"
              />
            </li>
          </div>
        </div>
      </div>
      <div>
        <div
          class="div-root-59"
        >
          <div
            class="div-root-49"
          >
            <div
              class="div-root-50 makeStyles-title-47"
            >
              最近搜索
            </div>
          </div>
          <div
            class="div-root-63"
          >
            <li
              aria-disabled="false"
              class="MuiButtonBase-root MuiListItem-root MuiMenuItem-root WithStyles(ForwardRef(MenuItem))-root-64 MuiListItem-button"
              role="menuitem"
              tabindex="-1"
            >
              <div
                class="div-root-65"
              >
                <div
                  class="div-root-66"
                >
                  <div
                    class="div-root-67 makeStyles-icon-61"
                  >
                    <svg
                      aria-hidden="true"
                      class="MuiSvgIcon-root"
                      focusable="false"
                      style="font-size: 19px;"
                      viewBox="0 0 24 24"
                    >
                      <path
                        d="M15.5 14h-.79l-.28-.27C15.41 12.59 16 11.11 16 9.5 16 5.91 13.09 3 9.5 3S3 5.91 3 9.5 5.91 16 9.5 16c1.61 0 3.09-.59 4.23-1.57l.27.28v.79l5 4.99L20.49 19l-4.99-5zm-6 0C7.01 14 5 11.99 5 9.5S7.01 5 9.5 5 14 7.01 14 9.5 11.99 14 9.5 14z"
                      />
                    </svg>
                  </div>
                  <div
                    class="div-root-68 makeStyles-title-62"
                  >
                     芜湖abc 
                  </div>
                </div>
                <svg
                  aria-hidden="true"
                  class="MuiSvgIcon-root"
                  focusable="false"
                  style="font-size: 16px;"
                  viewBox="0 0 24 24"
                >
                  <path
                    d="M19 7v4H5.83l3.58-3.59L8 6l-6 6 6 6 1.41-1.41L5.83 13H21V7z"
                  />
                </svg>
              </div>
              <span
                class="MuiTouchRipple-root"
              />
            </li>
          </div>
          <div
            class="div-root-63"
          >
            <li
              aria-disabled="false"
              class="MuiButtonBase-root MuiListItem-root MuiMenuItem-root WithStyles(ForwardRef(MenuItem))-root-64 MuiListItem-button"
              role="menuitem"
              tabindex="-1"
            >
              <div
                class="div-root-65"
              >
                <div
                  class="div-root-66"
                >
                  <div
                    class="div-root-67 makeStyles-icon-61"
                  >
                    <svg
                      aria-hidden="true"
                      class="MuiSvgIcon-root"
                      focusable="false"
                      style="font-size: 19px;"
                      viewBox="0 0 24 24"
                    >
                      <path
                        d="M15.5 14h-.79l-.28-.27C15.41 12.59 16 11.11 16 9.5 16 5.91 13.09 3 9.5 3S3 5.91 3 9.5 5.91 16 9.5 16c1.61 0 3.09-.59 4.23-1.57l.27.28v.79l5 4.99L20.49 19l-4.99-5zm-6 0C7.01 14 5 11.99 5 9.5S7.01 5 9.5 5 14 7.01 14 9.5 11.99 14 9.5 14z"
                      />
                    </svg>
                  </div>
                  <div
                    class="div-root-68 makeStyles-title-62"
                  >
                     你好啊 
                  </div>
                </div>
                <svg
                  aria-hidden="true"
                  class="MuiSvgIcon-root"
                  focusable="false"
                  style="font-size: 16px;"
                  viewBox="0 0 24 24"
                >
                  <path
                    d="M19 7v4H5.83l3.58-3.59L8 6l-6 6 6 6 1.41-1.41L5.83 13H21V7z"
                  />
                </svg>
              </div>
              <span
                class="MuiTouchRipple-root"
              />
            </li>
          </div>
        </div>
      </div>
    </div>
    <div
      class="div-root-69"
    >
      <div
        class="div-root-44 makeStyles-divider-32"
      />
      <div
        class="div-root-72 makeStyles-root-70"
      >
        <div
          class="div-root-73 makeStyles-icon-71"
        >
          <svg
            aria-hidden="true"
            class="MuiSvgIcon-root"
            focusable="false"
            style="font-size: 16px;"
            viewBox="0 0 24 24"
          >
            <path
              d="M4 12l1.41 1.41L11 7.83V20h2V7.83l5.58 5.59L20 12l-8-8-8 8z"
            />
          </svg>
          <svg
            aria-hidden="true"
            class="MuiSvgIcon-root"
            focusable="false"
            style="font-size: 16px;"
            viewBox="0 0 24 24"
          >
            <path
              d="M20 12l-1.41-1.41L13 16.17V4h-2v12.17l-5.58-5.59L4 12l8 8 8-8z"
            />
          </svg>
        </div>
        <span
          class="span-root-74"
        >
          选择
        </span>
        <span
          class="span-root-75 makeStyles-icon-71"
        >
          Enter
        </span>
        <span
          class="span-root-74"
        >
          打开
        </span>
        <span
          class="span-root-75 makeStyles-icon-71"
        >
           ⌘+Enter
        </span>
        <span
          class="span-root-74"
        >
          新标签中打开
        </span>
      </div>
    </div>
  </div>
</div>
`;

exports[`参数渲染 参数 isNotFind | notFindText  1`] = `
<div
  class="div-root-78"
>
  <div
    class="div-root-79 makeStyles-root-76"
  >
    <div
      class="div-root-80"
    >
      <div
        class="div-root-84 div-root-85"
      >
        <div
          class="div-root-86 makeStyles-icon-82"
        >
          <div
            class="MuiCircularProgress-root MuiCircularProgress-indeterminate"
            role="progressbar"
            style="width: 18px; height: 18px;"
          >
            <svg
              class="MuiCircularProgress-svg"
              viewBox="22 22 44 44"
            >
              <circle
                class="MuiCircularProgress-circle MuiCircularProgress-circleIndeterminate"
                cx="44"
                cy="44"
                fill="none"
                r="20.2"
                stroke-width="3.6"
              />
            </svg>
          </div>
        </div>
        <input
          class="input-root-87 makeStyles-input-81"
          placeholder="Search 工作区.."
          value=""
        />
        <div
          class="div-root-88 makeStyles-cancelIcon-83"
        />
      </div>
    </div>
    <div
      class="div-root-89 makeStyles-divider-77"
    />
    <div
      class="div-root-92"
    >
      <span
        class="span-root-93 makeStyles-title-90"
      >
        没有找到匹配项
      </span>
      <span
        class="span-root-94 makeStyles-text-91"
      >
        请尝试不同的搜索关键词
      </span>
    </div>
  </div>
</div>
`;

exports[`参数渲染 参数searchResultsData  1`] = `
<div
  class="div-root-97"
>
  <div
    class="div-root-98 makeStyles-root-95"
  >
    <div
      class="div-root-99"
    >
      <div
        class="div-root-103 div-root-104"
      >
        <div
          class="div-root-105 makeStyles-icon-101"
        >
          <div
            class="MuiCircularProgress-root MuiCircularProgress-indeterminate"
            role="progressbar"
            style="width: 18px; height: 18px;"
          >
            <svg
              class="MuiCircularProgress-svg"
              viewBox="22 22 44 44"
            >
              <circle
                class="MuiCircularProgress-circle MuiCircularProgress-circleIndeterminate"
                cx="44"
                cy="44"
                fill="none"
                r="20.2"
                stroke-width="3.6"
              />
            </svg>
          </div>
        </div>
        <input
          class="input-root-106 makeStyles-input-100"
          placeholder="Search 工作区.."
          value=""
        />
        <div
          class="div-root-107 makeStyles-cancelIcon-102"
        />
      </div>
    </div>
    <div
      class="div-root-108"
    />
    <div
      class="div-root-110"
    >
      <div
        class="div-root-111 makeStyles-title-109"
      >
        Sort: 
      </div>
      <div>
        <button
          class="MuiButtonBase-root MuiButton-root WithStyles(ForwardRef(Button))-root-115 MuiButton-text makeStyles-button-112"
          tabindex="0"
          type="button"
        >
          <span
            class="MuiButton-label WithStyles(ForwardRef(Button))-label-116"
          >
            默认最佳排序
            <svg
              aria-hidden="true"
              class="MuiSvgIcon-root"
              focusable="false"
              style="font-size: 12px;"
              viewBox="0 0 24 24"
            >
              <path
                d="M16.59 8.59L12 13.17 7.41 8.59 6 10l6 6 6-6z"
              />
            </svg>
          </span>
          <span
            class="MuiTouchRipple-root"
          />
        </button>
      </div>
    </div>
    <div
      class="div-root-117"
    >
      <div
        class="div-root-121"
      >
        <li
          aria-disabled="false"
          class="MuiButtonBase-root MuiListItem-root MuiMenuItem-root WithStyles(ForwardRef(MenuItem))-root-122 MuiListItem-button"
          role="menuitem"
          tabindex="-1"
        >
          <div
            class="div-root-123"
          >
            <div
              class="div-root-124"
            >
              <div
                class="div-root-125"
              >
                <div
                  class="div-root-126"
                >
                  🍰
                </div>
                <div
                  class="div-root-127 makeStyles-title-119"
                >
                   蛋糕 
                </div>
              </div>
              <svg
                aria-hidden="true"
                class="MuiSvgIcon-root"
                focusable="false"
                style="font-size: 16px;"
                viewBox="0 0 24 24"
              >
                <path
                  d="M19 7v4H5.83l3.58-3.59L8 6l-6 6 6 6 1.41-1.41L5.83 13H21V7z"
                />
              </svg>
            </div>
            <div
              class="div-root-128"
            >
              <span
                class="span-root-129 makeStyles-des-120"
              >
                此处是描述描述描述描述描述描述描述描述描述描述描述
              </span>
            </div>
          </div>
          <span
            class="MuiTouchRipple-root"
          />
        </li>
      </div>
      <div
        class="div-root-121"
      >
        <li
          aria-disabled="false"
          class="MuiButtonBase-root MuiListItem-root MuiMenuItem-root WithStyles(ForwardRef(MenuItem))-root-122 MuiListItem-button"
          role="menuitem"
          tabindex="-1"
        >
          <div
            class="div-root-123"
          >
            <div
              class="div-root-124"
            >
              <div
                class="div-root-125"
              >
                <div
                  class="div-root-126"
                >
                  🍣 
                </div>
                <div
                  class="div-root-127 makeStyles-title-119"
                >
                   基本信息 
                </div>
              </div>
              <svg
                aria-hidden="true"
                class="MuiSvgIcon-root"
                focusable="false"
                style="font-size: 16px;"
                viewBox="0 0 24 24"
              >
                <path
                  d="M19 7v4H5.83l3.58-3.59L8 6l-6 6 6 6 1.41-1.41L5.83 13H21V7z"
                />
              </svg>
            </div>
            <div
              class="div-root-128"
            >
              <span
                class="span-root-129 makeStyles-des-120"
              >
                此处是描述描述描述描述描述描述描述描述描述描述描述
              </span>
            </div>
          </div>
          <span
            class="MuiTouchRipple-root"
          />
        </li>
      </div>
      <div
        class="div-root-121"
      >
        <li
          aria-disabled="false"
          class="MuiButtonBase-root MuiListItem-root MuiMenuItem-root WithStyles(ForwardRef(MenuItem))-root-122 MuiListItem-button"
          role="menuitem"
          tabindex="-1"
        >
          <div
            class="div-root-123"
          >
            <div
              class="div-root-124"
            >
              <div
                class="div-root-125"
              >
                <div
                  class="div-root-126"
                >
                  📱
                </div>
                <div
                  class="div-root-127 makeStyles-title-119"
                >
                   iphone手机 
                </div>
              </div>
              <svg
                aria-hidden="true"
                class="MuiSvgIcon-root"
                focusable="false"
                style="font-size: 16px;"
                viewBox="0 0 24 24"
              >
                <path
                  d="M19 7v4H5.83l3.58-3.59L8 6l-6 6 6 6 1.41-1.41L5.83 13H21V7z"
                />
              </svg>
            </div>
            <div
              class="div-root-128"
            >
              <span
                class="span-root-129 makeStyles-des-120"
              >
                此处是描述描述描述描述描述export default DemoPopSearch;描述描述描述描述描述描述此处是描述&lt;QuickFind data={data}描描述描述描述描述描述描述描述描述描述描述此处是述描述描述此处是是描述描述描述描述描述描述描述描述描述描述
              </span>
            </div>
          </div>
          <span
            class="MuiTouchRipple-root"
          />
        </li>
      </div>
      <div
        class="div-root-121"
      >
        <li
          aria-disabled="false"
          class="MuiButtonBase-root MuiListItem-root MuiMenuItem-root WithStyles(ForwardRef(MenuItem))-root-122 MuiListItem-button"
          role="menuitem"
          tabindex="-1"
        >
          <div
            class="div-root-123"
          >
            <div
              class="div-root-124"
            >
              <div
                class="div-root-125"
              >
                <div
                  class="div-root-126"
                >
                  🧑‍💻
                </div>
                <div
                  class="div-root-127 makeStyles-title-119"
                >
                   成员管理 
                </div>
              </div>
              <svg
                aria-hidden="true"
                class="MuiSvgIcon-root"
                focusable="false"
                style="font-size: 16px;"
                viewBox="0 0 24 24"
              >
                <path
                  d="M19 7v4H5.83l3.58-3.59L8 6l-6 6 6 6 1.41-1.41L5.83 13H21V7z"
                />
              </svg>
            </div>
            <div
              class="div-root-128"
            >
              <span
                class="span-root-129 makeStyles-des-120"
              >
                此处是描述描述描述描述描述描述描述描述描述描述描述
              </span>
            </div>
          </div>
          <span
            class="MuiTouchRipple-root"
          />
        </li>
      </div>
      <div
        class="div-root-121"
      >
        <li
          aria-disabled="false"
          class="MuiButtonBase-root MuiListItem-root MuiMenuItem-root WithStyles(ForwardRef(MenuItem))-root-122 MuiListItem-button"
          role="menuitem"
          tabindex="-1"
        >
          <div
            class="div-root-123"
          >
            <div
              class="div-root-124"
            >
              <div
                class="div-root-125"
              >
                <div
                  class="div-root-126"
                >
                  🍉
                </div>
                <div
                  class="div-root-127 makeStyles-title-119"
                >
                   成员管理2 
                </div>
              </div>
              <svg
                aria-hidden="true"
                class="MuiSvgIcon-root"
                focusable="false"
                style="font-size: 16px;"
                viewBox="0 0 24 24"
              >
                <path
                  d="M19 7v4H5.83l3.58-3.59L8 6l-6 6 6 6 1.41-1.41L5.83 13H21V7z"
                />
              </svg>
            </div>
            <div
              class="div-root-128"
            >
              <span
                class="span-root-129 makeStyles-des-120"
              >
                此处是描述描述描述描述描述描述描述描述描述描述描述
              </span>
            </div>
          </div>
          <span
            class="MuiTouchRipple-root"
          />
        </li>
      </div>
      <div
        class="div-root-121"
      >
        <li
          aria-disabled="false"
          class="MuiButtonBase-root MuiListItem-root MuiMenuItem-root WithStyles(ForwardRef(MenuItem))-root-122 MuiListItem-button"
          role="menuitem"
          tabindex="-1"
        >
          <div
            class="div-root-123"
          >
            <div
              class="div-root-124"
            >
              <div
                class="div-root-125"
              >
                <div
                  class="div-root-126"
                >
                   🍱
                </div>
                <div
                  class="div-root-127 makeStyles-title-119"
                >
                    🍣 🍱 🥟 
                </div>
              </div>
              <svg
                aria-hidden="true"
                class="MuiSvgIcon-root"
                focusable="false"
                style="font-size: 16px;"
                viewBox="0 0 24 24"
              >
                <path
                  d="M19 7v4H5.83l3.58-3.59L8 6l-6 6 6 6 1.41-1.41L5.83 13H21V7z"
                />
              </svg>
            </div>
            <div
              class="div-root-128"
            >
              <span
                class="span-root-129 makeStyles-des-120"
              >
                此处是描述描述描述描述描述描述描述描述描述描述描述描述描述描述描述描述描述描述描述描述描述描述此处是描述描述描述描述描述描述描述描述描述描述描述此处是描述描述描述描述描述描述描述描述描述描述描述
              </span>
            </div>
          </div>
          <span
            class="MuiTouchRipple-root"
          />
        </li>
      </div>
      <div
        class="div-root-121"
      >
        <li
          aria-disabled="false"
          class="MuiButtonBase-root MuiListItem-root MuiMenuItem-root WithStyles(ForwardRef(MenuItem))-root-122 MuiListItem-button"
          role="menuitem"
          tabindex="-1"
        >
          <div
            class="div-root-123"
          >
            <div
              class="div-root-124"
            >
              <div
                class="div-root-125"
              >
                <div
                  class="div-root-126"
                >
                  🍫‍
                </div>
                <div
                  class="div-root-127 makeStyles-title-119"
                >
                   成员管理4 
                </div>
              </div>
              <svg
                aria-hidden="true"
                class="MuiSvgIcon-root"
                focusable="false"
                style="font-size: 16px;"
                viewBox="0 0 24 24"
              >
                <path
                  d="M19 7v4H5.83l3.58-3.59L8 6l-6 6 6 6 1.41-1.41L5.83 13H21V7z"
                />
              </svg>
            </div>
            <div
              class="div-root-128"
            >
              <span
                class="span-root-129 makeStyles-des-120"
              >
                如果还不够清楚，还可以参考《JavaScript高级程序设计(第3版)》第324页；
              </span>
            </div>
          </div>
          <span
            class="MuiTouchRipple-root"
          />
        </li>
      </div>
      <div
        class="div-root-121"
      >
        <li
          aria-disabled="false"
          class="MuiButtonBase-root MuiListItem-root MuiMenuItem-root WithStyles(ForwardRef(MenuItem))-root-122 MuiListItem-button"
          role="menuitem"
          tabindex="-1"
        >
          <div
            class="div-root-123"
          >
            <div
              class="div-root-124"
            >
              <div
                class="div-root-125"
              >
                <div
                  class="div-root-126"
                >
                  🍬
                </div>
                <div
                  class="div-root-127 makeStyles-title-119"
                >
                   成员管理5 
                </div>
              </div>
              <svg
                aria-hidden="true"
                class="MuiSvgIcon-root"
                focusable="false"
                style="font-size: 16px;"
                viewBox="0 0 24 24"
              >
                <path
                  d="M19 7v4H5.83l3.58-3.59L8 6l-6 6 6 6 1.41-1.41L5.83 13H21V7z"
                />
              </svg>
            </div>
            <div
              class="div-root-128"
            >
              <span
                class="span-root-129 makeStyles-des-120"
              >
                本地 DNS 服务器继续向 example.com 权威 DNS 域名服务器发起请求，权威 DNS 域名服务器一看这个域名我能解析，发现是有做过CDN加速域名配置，它会 CNAME 到 static.xxx.example.cdn.com 域名。
              </span>
            </div>
          </div>
          <span
            class="MuiTouchRipple-root"
          />
        </li>
      </div>
      <div
        class="div-root-121"
      >
        <li
          aria-disabled="false"
          class="MuiButtonBase-root MuiListItem-root MuiMenuItem-root WithStyles(ForwardRef(MenuItem))-root-122 MuiListItem-button"
          role="menuitem"
          tabindex="-1"
        >
          <div
            class="div-root-123"
          >
            <div
              class="div-root-124"
            >
              <div
                class="div-root-125"
              >
                <div
                  class="div-root-126"
                >
                  🧑‍
                </div>
                <div
                  class="div-root-127 makeStyles-title-119"
                >
                   成员管理6 
                </div>
              </div>
              <svg
                aria-hidden="true"
                class="MuiSvgIcon-root"
                focusable="false"
                style="font-size: 16px;"
                viewBox="0 0 24 24"
              >
                <path
                  d="M19 7v4H5.83l3.58-3.59L8 6l-6 6 6 6 1.41-1.41L5.83 13H21V7z"
                />
              </svg>
            </div>
            <div
              class="div-root-128"
            >
              <span
                class="span-root-129 makeStyles-des-120"
              >
                此处是描述描述描述描述描述描述描述描述描述描述描述描述描述描述描述描述描述描述描述描述描述描述此处是描述描述描述描述描述描述描述描述描述描述描述此处是描述描述描述描述描述描述描述描述描述描述描述
              </span>
            </div>
          </div>
          <span
            class="MuiTouchRipple-root"
          />
        </li>
      </div>
      <div
        class="div-root-121"
      >
        <li
          aria-disabled="false"
          class="MuiButtonBase-root MuiListItem-root MuiMenuItem-root WithStyles(ForwardRef(MenuItem))-root-122 MuiListItem-button"
          role="menuitem"
          tabindex="-1"
        >
          <div
            class="div-root-123"
          >
            <div
              class="div-root-124"
            >
              <div
                class="div-root-125"
              >
                <div
                  class="div-root-126"
                >
                  🍭
                </div>
                <div
                  class="div-root-127 makeStyles-title-119"
                >
                   成员管理7 
                </div>
              </div>
              <svg
                aria-hidden="true"
                class="MuiSvgIcon-root"
                focusable="false"
                style="font-size: 16px;"
                viewBox="0 0 24 24"
              >
                <path
                  d="M19 7v4H5.83l3.58-3.59L8 6l-6 6 6 6 1.41-1.41L5.83 13H21V7z"
                />
              </svg>
            </div>
            <div
              class="div-root-128"
            >
              <span
                class="span-root-129 makeStyles-des-120"
              >
                一个元素的 scrollTop 值是这个元素的内容顶部（卷起来的）到它的视口可见内容（的顶部）的距离的度量。当一个元素的内容没有产生垂直方向的滚动条，那么它的 scrollTop 值为0。
              </span>
            </div>
          </div>
          <span
            class="MuiTouchRipple-root"
          />
        </li>
      </div>
      <div
        class="div-root-121"
      >
        <li
          aria-disabled="false"
          class="MuiButtonBase-root MuiListItem-root MuiMenuItem-root WithStyles(ForwardRef(MenuItem))-root-122 MuiListItem-button"
          role="menuitem"
          tabindex="-1"
        >
          <div
            class="div-root-123"
          >
            <div
              class="div-root-124"
            >
              <div
                class="div-root-125"
              >
                <div
                  class="div-root-126"
                >
                  🚗
                </div>
                <div
                  class="div-root-127 makeStyles-title-119"
                >
                   成员管理8 
                </div>
              </div>
              <svg
                aria-hidden="true"
                class="MuiSvgIcon-root"
                focusable="false"
                style="font-size: 16px;"
                viewBox="0 0 24 24"
              >
                <path
                  d="M19 7v4H5.83l3.58-3.59L8 6l-6 6 6 6 1.41-1.41L5.83 13H21V7z"
                />
              </svg>
            </div>
            <div
              class="div-root-128"
            >
              <span
                class="span-root-129 makeStyles-des-120"
              >
                因为他们的物流仓库中心当时并没有在县城里来建设，所以一般可能从地市或者省会（看做区域仓库）物流仓库去查找是否有库存，如果区域物流仓库还是没有库存，则可能会从北京物流仓库（看做中心仓库）发货，一旦中心仓库也无货，那就只能从厂商进货了（看做源站）。
              </span>
            </div>
          </div>
          <span
            class="MuiTouchRipple-root"
          />
        </li>
      </div>
      <div
        class="div-root-121"
      >
        <li
          aria-disabled="false"
          class="MuiButtonBase-root MuiListItem-root MuiMenuItem-root WithStyles(ForwardRef(MenuItem))-root-122 MuiListItem-button"
          role="menuitem"
          tabindex="-1"
        >
          <div
            class="div-root-123"
          >
            <div
              class="div-root-124"
            >
              <div
                class="div-root-125"
              >
                <div
                  class="div-root-126"
                >
                  💻
                </div>
                <div
                  class="div-root-127 makeStyles-title-119"
                >
                   成员管CDN的全称理 
                </div>
              </div>
              <svg
                aria-hidden="true"
                class="MuiSvgIcon-root"
                focusable="false"
                style="font-size: 16px;"
                viewBox="0 0 24 24"
              >
                <path
                  d="M19 7v4H5.83l3.58-3.59L8 6l-6 6 6 6 1.41-1.41L5.83 13H21V7z"
                />
              </svg>
            </div>
            <div
              class="div-root-128"
            >
              <span
                class="span-root-129 makeStyles-des-120"
              >
                CDN 的全称是 (Content Delivery Network/Content Distribution Network)，即内容分发网络。
              </span>
            </div>
          </div>
          <span
            class="MuiTouchRipple-root"
          />
        </li>
      </div>
      <div
        class="div-root-121"
      >
        <li
          aria-disabled="false"
          class="MuiButtonBase-root MuiListItem-root MuiMenuItem-root WithStyles(ForwardRef(MenuItem))-root-122 MuiListItem-button"
          role="menuitem"
          tabindex="-1"
        >
          <div
            class="div-root-123"
          >
            <div
              class="div-root-124"
            >
              <div
                class="div-root-125"
              >
                <div
                  class="div-root-126"
                >
                  ‍🍉
                </div>
                <div
                  class="div-root-127 makeStyles-title-119"
                >
                   什么是 GSLB？ 
                </div>
              </div>
              <svg
                aria-hidden="true"
                class="MuiSvgIcon-root"
                focusable="false"
                style="font-size: 16px;"
                viewBox="0 0 24 24"
              >
                <path
                  d="M19 7v4H5.83l3.58-3.59L8 6l-6 6 6 6 1.41-1.41L5.83 13H21V7z"
                />
              </svg>
            </div>
            <div
              class="div-root-128"
            >
              <span
                class="span-root-129 makeStyles-des-120"
              >
                GSLB（Global Server Load Balance），即全局负载均衡，它的含义是对于部署在不同地域的服务器之间做负载均衡。一方面可以让流量均衡负载到它下面的服务器上，另一方面能根据地理位置判断，找到离用户最近的服务器。
              </span>
            </div>
          </div>
          <span
            class="MuiTouchRipple-root"
          />
        </li>
      </div>
      <div
        class="div-root-121"
      >
        <li
          aria-disabled="false"
          class="MuiButtonBase-root MuiListItem-root MuiMenuItem-root WithStyles(ForwardRef(MenuItem))-root-122 MuiListItem-button"
          role="menuitem"
          tabindex="-1"
        >
          <div
            class="div-root-123"
          >
            <div
              class="div-root-124"
            >
              <div
                class="div-root-125"
              >
                <div
                  class="div-root-126"
                >
                  ‍🥕
                </div>
                <div
                  class="div-root-127 makeStyles-title-119"
                >
                   成员管理10 
                </div>
              </div>
              <svg
                aria-hidden="true"
                class="MuiSvgIcon-root"
                focusable="false"
                style="font-size: 16px;"
                viewBox="0 0 24 24"
              >
                <path
                  d="M19 7v4H5.83l3.58-3.59L8 6l-6 6 6 6 1.41-1.41L5.83 13H21V7z"
                />
              </svg>
            </div>
            <div
              class="div-root-128"
            >
              <span
                class="span-root-129 makeStyles-des-120"
              >
                其实，这里说解析错误并不是很合理，应该是说浏览器解析出来的结果和我们期望的结果不一致，但任何的嵌套错误都不会导致页面呈现有很大的出错拥抱WEB标
    原本我们认为从HTML4到XHTML是一个时代，现在又从XHTML跨到了HTML5，新时代新标准的诞生，我们应该敞开胸怀去拥抱，而不是排斥。
    你关注或不关注，标准就在那里，只增不减。我们应该感谢W3C这样一个组织，让各个浏览器厂商抛开彼此的敌意共同制定新的标准。不然，也许你会像90年代那样，JS引用一个元素都需要为某个浏览器写一套自己的代码。
    WEB标准只会使我们吃饭变得更香，睡眠变得更好，新的技术或标准会推动我们去富有热情的coding
              </span>
            </div>
          </div>
          <span
            class="MuiTouchRipple-root"
          />
        </li>
      </div>
      <div
        class="div-root-121"
      >
        <li
          aria-disabled="false"
          class="MuiButtonBase-root MuiListItem-root MuiMenuItem-root WithStyles(ForwardRef(MenuItem))-root-122 MuiListItem-button"
          role="menuitem"
          tabindex="-1"
        >
          <div
            class="div-root-123"
          >
            <div
              class="div-root-124"
            >
              <div
                class="div-root-125"
              >
                <div
                  class="div-root-126"
                >
                  ‍👨🏻‍🍳
                </div>
                <div
                  class="div-root-127 makeStyles-title-119"
                >
                   成员管理10 
                </div>
              </div>
              <svg
                aria-hidden="true"
                class="MuiSvgIcon-root"
                focusable="false"
                style="font-size: 16px;"
                viewBox="0 0 24 24"
              >
                <path
                  d="M19 7v4H5.83l3.58-3.59L8 6l-6 6 6 6 1.41-1.41L5.83 13H21V7z"
                />
              </svg>
            </div>
            <div
              class="div-root-128"
            >
              <span
                class="span-root-129 makeStyles-des-120"
              >
                CDN 的全称是 (Content Delivery Network/Content Distribution Network)，即内容分发网络。CDN解决的问题是在网络中增加一层CACHE（缓存）层，将源站的资源分发到距离用户最近的网络"边缘"节点上，使用户就近访问内容，提高网站响应速度，避免网络拥塞，保证了用户访问资源的速度和体验。
              </span>
            </div>
          </div>
          <span
            class="MuiTouchRipple-root"
          />
        </li>
      </div>
      <div
        class="div-root-121"
      >
        <li
          aria-disabled="false"
          class="MuiButtonBase-root MuiListItem-root MuiMenuItem-root WithStyles(ForwardRef(MenuItem))-root-122 MuiListItem-button"
          role="menuitem"
          tabindex="-1"
        >
          <div
            class="div-root-123"
          >
            <div
              class="div-root-124"
            >
              <div
                class="div-root-125"
              >
                <div
                  class="div-root-126"
                >
                  ‍🍉
                </div>
                <div
                  class="div-root-127 makeStyles-title-119"
                >
                   CDN 工作原理 
                </div>
              </div>
              <svg
                aria-hidden="true"
                class="MuiSvgIcon-root"
                focusable="false"
                style="font-size: 16px;"
                viewBox="0 0 24 24"
              >
                <path
                  d="M19 7v4H5.83l3.58-3.59L8 6l-6 6 6 6 1.41-1.41L5.83 13H21V7z"
                />
              </svg>
            </div>
            <div
              class="div-root-128"
            >
              <span
                class="span-root-129 makeStyles-des-120"
              >
                那么用户是如何访问到离他最近的 CDN 节点的呢？
              </span>
            </div>
          </div>
          <span
            class="MuiTouchRipple-root"
          />
        </li>
      </div>
      <div
        class="div-root-121"
      >
        <li
          aria-disabled="false"
          class="MuiButtonBase-root MuiListItem-root MuiMenuItem-root WithStyles(ForwardRef(MenuItem))-root-122 MuiListItem-button"
          role="menuitem"
          tabindex="-1"
        >
          <div
            class="div-root-123"
          >
            <div
              class="div-root-124"
            >
              <div
                class="div-root-125"
              >
                <div
                  class="div-root-126"
                >
                  ‍ 🍎
                </div>
                <div
                  class="div-root-127 makeStyles-title-119"
                >
                   成员管理10 
                </div>
              </div>
              <svg
                aria-hidden="true"
                class="MuiSvgIcon-root"
                focusable="false"
                style="font-size: 16px;"
                viewBox="0 0 24 24"
              >
                <path
                  d="M19 7v4H5.83l3.58-3.59L8 6l-6 6 6 6 1.41-1.41L5.83 13H21V7z"
                />
              </svg>
            </div>
            <div
              class="div-root-128"
            >
              <span
                class="span-root-129 makeStyles-des-120"
              >
                此处是描述描述描述描述描述此处是描述述描述描述描述
              </span>
            </div>
          </div>
          <span
            class="MuiTouchRipple-root"
          />
        </li>
      </div>
      <div
        class="div-root-121"
      >
        <li
          aria-disabled="false"
          class="MuiButtonBase-root MuiListItem-root MuiMenuItem-root WithStyles(ForwardRef(MenuItem))-root-122 MuiListItem-button"
          role="menuitem"
          tabindex="-1"
        >
          <div
            class="div-root-123"
          >
            <div
              class="div-root-124"
            >
              <div
                class="div-root-125"
              >
                <div
                  class="div-root-126"
                >
                  ‍🍍
                </div>
                <div
                  class="div-root-127 makeStyles-title-119"
                >
                   DNS 域名服务器发起请求 
                </div>
              </div>
              <svg
                aria-hidden="true"
                class="MuiSvgIcon-root"
                focusable="false"
                style="font-size: 16px;"
                viewBox="0 0 24 24"
              >
                <path
                  d="M19 7v4H5.83l3.58-3.59L8 6l-6 6 6 6 1.41-1.41L5.83 13H21V7z"
                />
              </svg>
            </div>
            <div
              class="div-root-128"
            >
              <span
                class="span-root-129 makeStyles-des-120"
              >
                本地 DNS 服务器会向根域名服务器发起请求，根域名服务器返回顶级 DNS 域名服务器地址，让你去它那里查找。
              </span>
            </div>
          </div>
          <span
            class="MuiTouchRipple-root"
          />
        </li>
      </div>
      <div
        class="div-root-121"
      >
        <li
          aria-disabled="false"
          class="MuiButtonBase-root MuiListItem-root MuiMenuItem-root WithStyles(ForwardRef(MenuItem))-root-122 MuiListItem-button"
          role="menuitem"
          tabindex="-1"
        >
          <div
            class="div-root-123"
          >
            <div
              class="div-root-124"
            >
              <div
                class="div-root-125"
              >
                <div
                  class="div-root-126"
                >
                  ‍🍉
                </div>
                <div
                  class="div-root-127 makeStyles-title-119"
                >
                   成员管理10 
                </div>
              </div>
              <svg
                aria-hidden="true"
                class="MuiSvgIcon-root"
                focusable="false"
                style="font-size: 16px;"
                viewBox="0 0 24 24"
              >
                <path
                  d="M19 7v4H5.83l3.58-3.59L8 6l-6 6 6 6 1.41-1.41L5.83 13H21V7z"
                />
              </svg>
            </div>
            <div
              class="div-root-128"
            >
              <span
                class="span-root-129 makeStyles-des-120"
              >
                对于大的音视频流媒体文件，可以通过 CDN 厂商提供的接口提前将资源写入到 CDN 某一个节点上，再由 CDN 内部机制将资源分发到其他 CDN 节点上。
              </span>
            </div>
          </div>
          <span
            class="MuiTouchRipple-root"
          />
        </li>
      </div>
      <div
        class="div-root-121"
      >
        <li
          aria-disabled="false"
          class="MuiButtonBase-root MuiListItem-root MuiMenuItem-root WithStyles(ForwardRef(MenuItem))-root-122 MuiListItem-button"
          role="menuitem"
          tabindex="-1"
        >
          <div
            class="div-root-123"
          >
            <div
              class="div-root-124"
            >
              <div
                class="div-root-125"
              >
                <div
                  class="div-root-126"
                >
                  🌽
                </div>
                <div
                  class="div-root-127 makeStyles-title-119"
                >
                   WorkSpaceInput 
                </div>
              </div>
              <svg
                aria-hidden="true"
                class="MuiSvgIcon-root"
                focusable="false"
                style="font-size: 16px;"
                viewBox="0 0 24 24"
              >
                <path
                  d="M19 7v4H5.83l3.58-3.59L8 6l-6 6 6 6 1.41-1.41L5.83 13H21V7z"
                />
              </svg>
            </div>
            <div
              class="div-root-128"
            >
              <span
                class="span-root-129 makeStyles-des-120"
              >
                 WorkSpaceInput,WorkSpaceSettingDivider,
              </span>
            </div>
          </div>
          <span
            class="MuiTouchRipple-root"
          />
        </li>
      </div>
      <div
        class="div-root-121"
      >
        <li
          aria-disabled="false"
          class="MuiButtonBase-root MuiListItem-root MuiMenuItem-root WithStyles(ForwardRef(MenuItem))-root-122 MuiListItem-button"
          role="menuitem"
          tabindex="-1"
        >
          <div
            class="div-root-123"
          >
            <div
              class="div-root-124"
            >
              <div
                class="div-root-125"
              >
                <div
                  class="div-root-126"
                >
                  🧬 
                </div>
                <div
                  class="div-root-127 makeStyles-title-119"
                >
                   测试基因组 
                </div>
              </div>
              <svg
                aria-hidden="true"
                class="MuiSvgIcon-root"
                focusable="false"
                style="font-size: 16px;"
                viewBox="0 0 24 24"
              >
                <path
                  d="M19 7v4H5.83l3.58-3.59L8 6l-6 6 6 6 1.41-1.41L5.83 13H21V7z"
                />
              </svg>
            </div>
            <div
              class="div-root-128"
            >
              <span
                class="span-root-129 makeStyles-des-120"
              >
                🚬 ⚰️ ⚱️ 🏺 🧭 🧱 🔮 🧿 🧸 📿 💈 ⚗️ 🔭 🧰 🧲 🧪 🧫 🧬 🧯 🔬 🕳 💊 💉 🌡 🚽 🚰 🚿 🛁 🛀 🛀🏻 🛀🏼 🛀🏽 🛀🏾 🛀🏿 🧴 🧵 🧶 🧷 🧹 🧺 🧻 🧼 🧽 🛎 🔑 🗝 🚪 🛋 🛏 🛌 🖼 🛍 🧳 🛒 🎁 🎈 🎏 🎀 🎊 🎉 🧨 🎎 🏮 🎐 🧧 ✉️ 📩 📨 📧 💌 📥 📤 📦 🏷 📪 📫 📬 📭 📮 📯 📜 📃 📄 📑 📊 📈 📉 🗒 🗓 📆 📅 📇 🗃 🗳 🗄 📋 📁 📂 🗂 🗞 📰 📓 📔 📒 📕 📗 📘 📙 📚 📖 🔖 🔗 📎 🖇📏 📐 📌 📍 ✂️ 🖊 🖋 ✒️ 🖌 🖍 📝 ✏️ 🔍 🔎 🔏 🔐 🔒 🔓
              </span>
            </div>
          </div>
          <span
            class="MuiTouchRipple-root"
          />
        </li>
      </div>
      <div
        class="div-root-121"
      >
        <li
          aria-disabled="false"
          class="MuiButtonBase-root MuiListItem-root MuiMenuItem-root WithStyles(ForwardRef(MenuItem))-root-122 MuiListItem-button"
          role="menuitem"
          tabindex="-1"
        >
          <div
            class="div-root-123"
          >
            <div
              class="div-root-124"
            >
              <div
                class="div-root-125"
              >
                <div
                  class="div-root-126"
                >
                   💊
                </div>
                <div
                  class="div-root-127 makeStyles-title-119"
                >
                   成员管理10 
                </div>
              </div>
              <svg
                aria-hidden="true"
                class="MuiSvgIcon-root"
                focusable="false"
                style="font-size: 16px;"
                viewBox="0 0 24 24"
              >
                <path
                  d="M19 7v4H5.83l3.58-3.59L8 6l-6 6 6 6 1.41-1.41L5.83 13H21V7z"
                />
              </svg>
            </div>
            <div
              class="div-root-128"
            >
              <span
                class="span-root-129 makeStyles-des-120"
              >
                 厂商提供的接口提前将资源写入到 CDN 某一个 e references But what would happen with a
              </span>
            </div>
          </div>
          <span
            class="MuiTouchRipple-root"
          />
        </li>
      </div>
      <div
        class="div-root-121"
      >
        <li
          aria-disabled="false"
          class="MuiButtonBase-root MuiListItem-root MuiMenuItem-root WithStyles(ForwardRef(MenuItem))-root-122 MuiListItem-button"
          role="menuitem"
          tabindex="-1"
        >
          <div
            class="div-root-123"
          >
            <div
              class="div-root-124"
            >
              <div
                class="div-root-125"
              >
                <div
                  class="div-root-126"
                >
                  🇦🇿 
                </div>
                <div
                  class="div-root-127 makeStyles-title-119"
                >
                   成员管理10 
                </div>
              </div>
              <svg
                aria-hidden="true"
                class="MuiSvgIcon-root"
                focusable="false"
                style="font-size: 16px;"
                viewBox="0 0 24 24"
              >
                <path
                  d="M19 7v4H5.83l3.58-3.59L8 6l-6 6 6 6 1.41-1.41L5.83 13H21V7z"
                />
              </svg>
            </div>
            <div
              class="div-root-128"
            >
              <span
                class="span-root-129 makeStyles-des-120"
              >
                Multiple references But what would happen with an undetermined array of &lt;input/&gt;?We need to define inputRef as an array, so that current property becomes an array as well.
              </span>
            </div>
          </div>
          <span
            class="MuiTouchRipple-root"
          />
        </li>
      </div>
      <div
        class="div-root-121"
      >
        <li
          aria-disabled="false"
          class="MuiButtonBase-root MuiListItem-root MuiMenuItem-root WithStyles(ForwardRef(MenuItem))-root-122 MuiListItem-button"
          role="menuitem"
          tabindex="-1"
        >
          <div
            class="div-root-123"
          >
            <div
              class="div-root-124"
            >
              <div
                class="div-root-125"
              >
                <div
                  class="div-root-126"
                >
                  🧤
                </div>
                <div
                  class="div-root-127 makeStyles-title-119"
                >
                   标题文字标题文字标题文字标题文字标题文字标题文字标题文字标题文字标题文字标题文字标题文字标题文字标题文字标题文字标题文字标题文字标题文字文件. 
                </div>
              </div>
              <svg
                aria-hidden="true"
                class="MuiSvgIcon-root"
                focusable="false"
                style="font-size: 16px;"
                viewBox="0 0 24 24"
              >
                <path
                  d="M19 7v4H5.83l3.58-3.59L8 6l-6 6 6 6 1.41-1.41L5.83 13H21V7z"
                />
              </svg>
            </div>
            <div
              class="div-root-128"
            >
              <span
                class="span-root-129 makeStyles-des-120"
              >
                Code straight to the point written in beautiful Barcelona.Free, no ads, no sponsored content.
              </span>
            </div>
          </div>
          <span
            class="MuiTouchRipple-root"
          />
        </li>
      </div>
      <div
        class="div-root-121"
      >
        <li
          aria-disabled="false"
          class="MuiButtonBase-root MuiListItem-root MuiMenuItem-root WithStyles(ForwardRef(MenuItem))-root-122 MuiListItem-button"
          role="menuitem"
          tabindex="-1"
        >
          <div
            class="div-root-123"
          >
            <div
              class="div-root-124"
            >
              <div
                class="div-root-125"
              >
                <div
                  class="div-root-126"
                >
                  ✨
                </div>
                <div
                  class="div-root-127 makeStyles-title-119"
                >
                   【小米10周年】 
                </div>
              </div>
              <svg
                aria-hidden="true"
                class="MuiSvgIcon-root"
                focusable="false"
                style="font-size: 16px;"
                viewBox="0 0 24 24"
              >
                <path
                  d="M19 7v4H5.83l3.58-3.59L8 6l-6 6 6 6 1.41-1.41L5.83 13H21V7z"
                />
              </svg>
            </div>
            <div
              class="div-root-128"
            >
              <span
                class="span-root-129 makeStyles-des-120"
              >
                一往无前【小米10周年】首次公开小米历史上不为人知的创业故事雷军亲述小米热血10年，小米官方授权传记，首次完整揭秘小米独特商业模式 58 元78 元
              </span>
            </div>
          </div>
          <span
            class="MuiTouchRipple-root"
          />
        </li>
      </div>
    </div>
    <div
      class="div-root-130"
    >
      <div
        class="div-root-131 makeStyles-divider-96"
      />
      <div
        class="div-root-134"
      >
        <span
          class="span-root-135 makeStyles-count-132"
        >
          25
        </span>
        <span
          class="span-root-136 makeStyles-text-133"
        >
          results
        </span>
        <div
          class="MuiCircularProgress-root makeStyles-text-133 MuiCircularProgress-indeterminate"
          role="progressbar"
          style="width: 10px; height: 10px;"
        >
          <svg
            class="MuiCircularProgress-svg"
            viewBox="22 22 44 44"
          >
            <circle
              class="MuiCircularProgress-circle MuiCircularProgress-circleIndeterminate"
              cx="44"
              cy="44"
              fill="none"
              r="20.2"
              stroke-width="3.6"
            />
          </svg>
        </div>
      </div>
    </div>
  </div>
</div>
`;
